%!Adobe-FontList 1.18
%Locale:0x419

%BeginFont
Handler:DirectoryHandler
FontType:Type1
FontName:MinionPro-Regular
FamilyName:Minion Pro
StyleName:Regular
FullName:Minion Pro
MenuName:Minion Pro
StyleBits:0
WritingScript:Roman
OutlineFileName:D:\Клиенты\Айдеко\Презентации\Общая брошюра\Старая версия (схема селетка и фстэк)\Исходник\Document fonts\MinionPro-Regular.otf
DataFormat:sfntData
UsesStandardEncoding:yes
isCFF:yes
hasSVG:no
FileLength:217280
FileModTime:1329285226
WeightClass:400
WidthClass:5
AngleClass:0
DesignSize:110
NameArray:0,Mac,4,Minion Pro
NameArray:0,Win,1,Minion Pro
%EndFont

%BeginFont
Handler:DirectoryHandler
FontType:TrueType
FontName:Roboto-Bold
FamilyName:Roboto
StyleName:Bold
FullName:Roboto Bold
MenuName:Roboto
StyleBits:2
WritingScript:Roman
OutlineFileName:D:\Клиенты\Айдеко\Презентации\Общая брошюра\Старая версия (схема селетка и фстэк)\Исходник\Document fonts\Roboto-Bold_0.ttf
DataFormat:sfntData
hasSVG:no
FileLength:162464
FileModTime:1449510033
WeightClass:700
WidthClass:5
AngleClass:0
NameArray:0,Win,1,Roboto
%EndFont

%BeginFont
Handler:DirectoryHandler
FontType:TrueType
FontName:Roboto-Medium
FamilyName:Roboto
StyleName:Medium
FullName:Roboto Medium
MenuName:Roboto Medium
StyleBits:0
WritingScript:Roman
OutlineFileName:D:\Клиенты\Айдеко\Презентации\Общая брошюра\Старая версия (схема селетка и фстэк)\Исходник\Document fonts\Roboto-Medium_0.ttf
DataFormat:sfntData
hasSVG:no
FileLength:162588
FileModTime:1449510033
WeightClass:500
WidthClass:5
AngleClass:0
NameArray:0,Win,1,Roboto Medium
NameArray:0,Win,16,Roboto
%EndFont

%BeginFont
Handler:DirectoryHandler
FontType:TrueType
FontName:Roboto-Regular
FamilyName:Roboto
StyleName:Regular
FullName:Roboto
MenuName:Roboto
StyleBits:0
WritingScript:Roman
OutlineFileName:D:\Клиенты\Айдеко\Презентации\Общая брошюра\Старая версия (схема селетка и фстэк)\Исходник\Document fonts\Roboto-Regular.ttf
DataFormat:sfntData
hasSVG:no
FileLength:171676
FileModTime:1504003270
WeightClass:400
WidthClass:5
AngleClass:0
NameArray:0,Mac,4,Roboto
NameArray:0,Win,1,Roboto
%EndFont

%BeginFont
Handler:DirectoryHandler
FontType:TrueType
FontName:SegoeUI
FamilyName:Segoe UI
StyleName:Regular
FullName:Segoe UI
MenuName:Segoe UI
StyleBits:0
WritingScript:Roman
OutlineFileName:D:\Клиенты\Айдеко\Презентации\Общая брошюра\Старая версия (схема селетка и фстэк)\Исходник\Document fonts\segoeui.ttf
DataFormat:sfntData
hasSVG:no
FileLength:910052
FileModTime:1446189479
WeightClass:400
WidthClass:5
AngleClass:0
NameArray:0,Win,1,Segoe UI
%EndFont

%BeginFont
Handler:DirectoryHandler
FontType:TrueType
FontName:SegoeUI-Bold
FamilyName:Segoe UI
StyleName:Bold
FullName:Segoe UI Bold
MenuName:Segoe UI
StyleBits:2
WritingScript:Roman
OutlineFileName:D:\Клиенты\Айдеко\Презентации\Общая брошюра\Старая версия (схема селетка и фстэк)\Исходник\Document fonts\segoeuib.ttf
DataFormat:sfntData
hasSVG:no
FileLength:898328
FileModTime:1446189481
WeightClass:700
WidthClass:5
AngleClass:0
NameArray:0,Win,1,Segoe UI
%EndFont

%BeginFont
Handler:DirectoryHandler
FontType:TrueType
FontName:SegoeUI-Semibold
FamilyName:Segoe UI
StyleName:Semibold
FullName:Segoe UI Semibold
MenuName:Segoe UI Semibold
StyleBits:0
WritingScript:Roman
OutlineFileName:D:\Клиенты\Айдеко\Презентации\Общая брошюра\Старая версия (схема селетка и фстэк)\Исходник\Document fonts\seguisb.ttf
DataFormat:sfntData
hasSVG:no
FileLength:925716
FileModTime:1446189481
WeightClass:600
WidthClass:5
AngleClass:0
NameArray:0,Win,1,Segoe UI Semibold
NameArray:0,Win,16,Segoe UI
%EndFont

