%!Adobe-FontList 1.19
%Locale:0x419

%BeginFont
Handler:DirectoryHandler
FontType:Type1
FontName:MinionPro-Regular
FamilyName:Minion Pro
StyleName:Regular
FullName:Minion Pro
MenuName:Minion Pro
StyleBits:0
WritingScript:Roman
OutlineFileName:C:\posm\full\исходники\общая-10.17(mx+,lx-)\Исходник\Document fonts\MinionPro-Regular.otf
DataFormat:sfntData
UsesStandardEncoding:yes
isCFF:yes
hasSVG:no
VariableFontType:NonVariableFont
FileLength:217280
FileModTime:1329285226
WeightClass:400
WidthClass:5
AngleClass:0
DesignSize:110
NameArray:0,Mac,4,Minion Pro
NameArray:0,Win,1,Minion Pro
%EndFont

%BeginFont
Handler:DirectoryHandler
FontType:TrueType
FontName:OpenSans-Bold
FamilyName:Open Sans
StyleName:Bold
FullName:Open Sans Bold
MenuName:Open Sans
StyleBits:2
WritingScript:Roman
OutlineFileName:C:\posm\full\исходники\общая-10.17(mx+,lx-)\Исходник\Document fonts\OpenSans-Bold.ttf
DataFormat:sfntData
hasSVG:no
VariableFontType:NonVariableFont
FileLength:224592
FileModTime:1345409394
WeightClass:700
WidthClass:5
AngleClass:0
NameArray:0,Mac,4,Open Sans Bold
NameArray:0,Win,1,Open Sans
%EndFont

%BeginFont
Handler:DirectoryHandler
FontType:TrueType
FontName:OpenSans-Extrabold
FamilyName:Open Sans
StyleName:Extrabold
FullName:Open Sans Extrabold
MenuName:Open Sans Extrabold
StyleBits:0
WritingScript:Roman
OutlineFileName:C:\posm\full\исходники\общая-10.17(mx+,lx-)\Исходник\Document fonts\OpenSans-ExtraBold.ttf
DataFormat:sfntData
hasSVG:no
VariableFontType:NonVariableFont
FileLength:222584
FileModTime:1345409394
WeightClass:800
WidthClass:5
AngleClass:0
NameArray:0,Mac,4,Open Sans Extrabold
NameArray:0,Win,1,Open Sans Extrabold
NameArray:0,Win,16,Open Sans
%EndFont

%BeginFont
Handler:DirectoryHandler
FontType:TrueType
FontName:OpenSans-Light
FamilyName:Open Sans
StyleName:Light
FullName:Open Sans Light
MenuName:Open Sans Light
StyleBits:0
WritingScript:Roman
OutlineFileName:C:\posm\full\исходники\общая-10.17(mx+,lx-)\Исходник\Document fonts\OpenSans-Light.ttf
DataFormat:sfntData
hasSVG:no
VariableFontType:NonVariableFont
FileLength:222412
FileModTime:1345409392
WeightClass:300
WidthClass:5
AngleClass:0
NameArray:0,Mac,4,Open Sans Light
NameArray:0,Win,1,Open Sans Light
NameArray:0,Win,16,Open Sans
%EndFont

%BeginFont
Handler:DirectoryHandler
FontType:TrueType
FontName:OpenSans
FamilyName:Open Sans
StyleName:Regular
FullName:Open Sans
MenuName:Open Sans
StyleBits:0
WritingScript:Roman
OutlineFileName:C:\posm\full\исходники\общая-10.17(mx+,lx-)\Исходник\Document fonts\OpenSans-Regular.ttf
DataFormat:sfntData
hasSVG:no
VariableFontType:NonVariableFont
FileLength:217360
FileModTime:1345409392
WeightClass:400
WidthClass:5
AngleClass:0
NameArray:0,Mac,4,Open Sans
NameArray:0,Win,1,Open Sans
%EndFont

%BeginFont
Handler:DirectoryHandler
FontType:TrueType
FontName:SegoeUI
FamilyName:Segoe UI
StyleName:Regular
FullName:Segoe UI
MenuName:Segoe UI
StyleBits:0
WritingScript:Roman
OutlineFileName:C:\posm\full\исходники\общая-10.17(mx+,lx-)\Исходник\Document fonts\segoeui.ttf
DataFormat:sfntData
hasSVG:no
VariableFontType:NonVariableFont
FileLength:910052
FileModTime:1446189480
WeightClass:400
WidthClass:5
AngleClass:0
NameArray:0,Win,1,Segoe UI
%EndFont

%BeginFont
Handler:DirectoryHandler
FontType:TrueType
FontName:SegoeUI-Bold
FamilyName:Segoe UI
StyleName:Bold
FullName:Segoe UI Bold
MenuName:Segoe UI
StyleBits:2
WritingScript:Roman
OutlineFileName:C:\posm\full\исходники\общая-10.17(mx+,lx-)\Исходник\Document fonts\segoeuib.ttf
DataFormat:sfntData
hasSVG:no
VariableFontType:NonVariableFont
FileLength:898328
FileModTime:1446189482
WeightClass:700
WidthClass:5
AngleClass:0
NameArray:0,Win,1,Segoe UI
%EndFont

